// Jest Snapshot v1, https://goo.gl/fbAQLP

exports[`should render NotFoundPage 1`] = `
<div>
  <h4>
    404! Page Not Found
  </h4>
  <Link
    replace={false}
    to="/"
  >
    Go Home
  </Link>
</div>
`;
